2025.04.09 13:24:32 INFO  Started: Metals version 1.5.2 in folders '/home/lh/ysyx/ysyx-workbench/npc/chisel' for client Visual Studio Code 1.99.1.[0m
2025.04.09 13:24:38 INFO  no build target found for /home/lh/ysyx/ysyx-workbench/npc/chisel/npc/src/IFU.scala. Using presentation compiler with project's scala-library version: 3.3.5[0m
2025.04.09 13:24:38 INFO  Attempting to connect to the build server...[0m
2025.04.09 13:24:38 INFO  Found a Bloop server running[0m
2025.04.09 13:24:39 INFO  tracing is disabled for protocol BSP, to enable tracing of incoming and outgoing JSON messages create an empty file at /home/lh/ysyx/ysyx-workbench/npc/chisel/.metals/bsp.trace.json or /home/lh/.cache/metals/bsp.trace.json[0m
'align.tokens.add' is deprecated; use align.tokens."+" instead.
2025.04.09 13:24:43 INFO  no build target found for /home/lh/ysyx/ysyx-workbench/npc/chisel/npc/src/IFU.scala. Using presentation compiler with project's scala-library version: 3.3.5[0m
2025.04.09 13:24:43 INFO  no build target found for /home/lh/ysyx/ysyx-workbench/npc/chisel/npc/src/IFU.scala. Using presentation compiler with project's scala-library version: 3.3.5[0m
2025.04.09 13:24:47 INFO  no build target found for /home/lh/ysyx/ysyx-workbench/npc/chisel/npc/src/IFU.scala. Using presentation compiler with project's scala-library version: 3.3.5[0m
2025.04.09 13:24:47 INFO  time: Connected to build server in 8.94s[0m
2025.04.09 13:24:47 INFO  Connected to Build server: Bloop v2.0.9[0m
2025.04.09 13:24:47 INFO  time: Imported build in 0.2s[0m
2025.04.09 13:24:47 WARN  2.13.12 is no longer supported in the current Metals versions, using the last known supported version 1.4.2[0m
2025.04.09 13:24:49 WARN  Could not find java sources in /usr/lib/jvm/src.zip, /usr/lib/jvm/lib/src.zip, /usr/lib/jvm/java-17-openjdk-amd64/src.zip, /usr/lib/jvm/java-17-openjdk-amd64/lib/src.zip. Java symbols will not be available.[0m
2025.04.09 13:24:49 INFO  time: indexed workspace in 2.89s[0m
2025.04.09 13:24:51 INFO  compiling npc (17 scala sources)[0m
2025.04.09 13:25:02 INFO  compiling npc.test (17 scala sources)[0m
2025.04.09 13:25:02 INFO  time: compiled npc in 11s[0m
2025.04.09 13:25:08 INFO  time: compiled npc.test in 5.6s[0m
2025.04.09 13:33:54 INFO  Started: Metals version 1.5.2 in folders '/home/lh/ysyx/ysyx-workbench/chisel2' for client Visual Studio Code 1.99.1.[0m
2025.04.09 13:33:57 INFO  Attempting to connect to the build server...[0m
2025.04.09 13:33:57 INFO  Found a Bloop server running[0m
2025.04.09 13:34:07 ERROR Bloop 'bsp' command exited with code 1. Something may be wrong with the current configuration.
Running the [1mclean[0m sub-command to clear the working directory and remove caches might help.
If the error persists, please report the issue as a bug and attach a log with increased verbosity by passing [1m-v -v -v[0m.[0m
2025.04.09 13:34:07 ERROR Bloop server PID: 25827
Ignoring SIGINT
Will truncate output file /home/lh/.local/share/scalacli/bloop/daemon/output every 5 minutes
Unable to load nailgun-version.properties.
NGServer [UNKNOWN] started on local socket /home/lh/.local/share/scalacli/bloop/daemon/socket.
/home/lh/.local/share/scalacli/bloop
/home/lh/.local/share/scalacli/bloop
[0m
2025.04.09 13:34:07 ERROR Failed to connect with build server, no functionality will work.
java.lang.RuntimeException: Bloop BSP connection in /home/lh/.local/share/scalacli/bloop/bsp/59343-1 was unexpectedly closed or bloop didn't start.
	at scala.sys.package$.error(package.scala:27)
	at bloop.rifle.internal.Operations$$anon$1.openSocket(Operations.scala:426)
	at scala.meta.internal.metals.BloopServers.create$1(BloopServers.scala:384)
	at scala.meta.internal.metals.BloopServers.openConnection$1(BloopServers.scala:400)
	at scala.meta.internal.metals.BloopServers.$anonfun$connect$5(BloopServers.scala:413)
	at scala.concurrent.Future$.$anonfun$apply$1(Future.scala:687)
	at scala.concurrent.impl.Promise$Transformation.run(Promise.scala:467)
	at java.util.concurrent.ThreadPoolExecutor.runWorker(ThreadPoolExecutor.java:1136)
	at java.util.concurrent.ThreadPoolExecutor$Worker.run(ThreadPoolExecutor.java:635)
	at java.lang.Thread.run(Thread.java:840)
[0m
'align.tokens.add' is deprecated; use align.tokens."+" instead.
2025.04.09 13:34:40 WARN  no build target for: /home/lh/ysyx/ysyx-workbench/chisel2/npc/src/Xbar.scala[0m
2025.04.09 13:34:40 INFO  no build target found for /home/lh/ysyx/ysyx-workbench/chisel2/npc/src/Xbar.scala. Using presentation compiler with project's scala-library version: 3.3.5[0m
2025.04.09 13:34:40 INFO  no build target found for /home/lh/ysyx/ysyx-workbench/chisel2/npc/src/Xbar.scala. Using presentation compiler with project's scala-library version: 3.3.5[0m
2025.04.09 13:34:41 INFO  no build target found for /home/lh/ysyx/ysyx-workbench/chisel2/npc/src/Xbar.scala. Using presentation compiler with project's scala-library version: 3.3.5[0m
2025.04.09 13:34:42 INFO  no build target found for /home/lh/ysyx/ysyx-workbench/chisel2/npc/src/Xbar.scala. Using presentation compiler with project's scala-library version: 3.3.5[0m
2025.04.09 13:34:43 INFO  no build target found for /home/lh/ysyx/ysyx-workbench/chisel2/npc/src/Xbar.scala. Using presentation compiler with project's scala-library version: 3.3.5[0m
2025.04.09 13:34:44 INFO  time: code lens generation in 2.91s[0m
2025.04.09 13:34:54 INFO  Shutting down server[0m
2025.04.09 13:34:54 INFO  shutting down Metals[0m
2025.04.09 13:34:54 INFO  Exiting server[0m
2025.04.09 13:37:44 INFO  Started: Metals version 1.5.2 in folders '/home/lh/ysyx/ysyx-workbench/chisel2' for client Visual Studio Code 1.99.1.[0m
2025.04.09 13:37:49 INFO  no build target found for /home/lh/ysyx/ysyx-workbench/chisel2/npc/src/Xbar.scala. Using presentation compiler with project's scala-library version: 3.3.5[0m
2025.04.09 13:37:49 INFO  no build target found for /home/lh/ysyx/ysyx-workbench/chisel2/npc/src/Xbar.scala. Using presentation compiler with project's scala-library version: 3.3.5[0m
2025.04.09 13:37:49 INFO  Attempting to connect to the build server...[0m
2025.04.09 13:37:49 INFO  Found a Bloop server running[0m
2025.04.09 13:37:49 INFO  tracing is disabled for protocol BSP, to enable tracing of incoming and outgoing JSON messages create an empty file at /home/lh/ysyx/ysyx-workbench/chisel2/.metals/bsp.trace.json or /home/lh/.cache/metals/bsp.trace.json[0m
2025.04.09 13:37:50 INFO  no build target found for /home/lh/ysyx/ysyx-workbench/chisel2/npc/src/Xbar.scala. Using presentation compiler with project's scala-library version: 3.3.5[0m
Apr 09, 2025 1:37:50 PM org.eclipse.lsp4j.jsonrpc.RemoteEndpoint handleCancellation
WARNING: Unmatched cancel notification for request id 2
2025.04.09 13:37:50 INFO  no build target found for /home/lh/ysyx/ysyx-workbench/chisel2/npc/src/Xbar.scala. Using presentation compiler with project's scala-library version: 3.3.5[0m
2025.04.09 13:37:50 INFO  time: Connected to build server in 1.24s[0m
2025.04.09 13:37:50 INFO  Connected to Build server: Bloop v2.0.9[0m
Apr 09, 2025 1:37:50 PM org.eclipse.lsp4j.jsonrpc.RemoteEndpoint handleCancellation
WARNING: Unmatched cancel notification for request id 11
'align.tokens.add' is deprecated; use align.tokens."+" instead.
2025.04.09 13:37:50 INFO  time: Imported build in 0.12s[0m
2025.04.09 13:37:50 WARN  2.13.12 is no longer supported in the current Metals versions, using the last known supported version 1.4.2[0m
Apr 09, 2025 1:37:52 PM org.eclipse.lsp4j.jsonrpc.services.GenericEndpoint notify
INFO: Unsupported notification method: $/setTrace
2025.04.09 13:37:54 WARN  Could not find java sources in /usr/lib/jvm/src.zip, /usr/lib/jvm/lib/src.zip, /usr/lib/jvm/java-17-openjdk-amd64/src.zip, /usr/lib/jvm/java-17-openjdk-amd64/lib/src.zip. Java symbols will not be available.[0m
2025.04.09 13:37:54 INFO  time: indexed workspace in 4.02s[0m
2025.04.09 13:37:55 WARN  no build target for: /home/lh/ysyx/ysyx-workbench/chisel2/npc/src/Xbar.scala[0m
2025.04.09 13:37:55 INFO  no build target found for /home/lh/ysyx/ysyx-workbench/chisel2/npc/src/Xbar.scala. Using presentation compiler with project's scala-library version: 2.13.16[0m
2025.04.09 13:37:55 INFO  no build target found for /home/lh/ysyx/ysyx-workbench/chisel2/npc/src/Xbar.scala. Using presentation compiler with project's scala-library version: 2.13.16[0m
2025.04.09 13:37:55 WARN  no build target for: /home/lh/ysyx/ysyx-workbench/chisel2/npc/src/Xbar.scala[0m
2025.04.09 13:37:57 INFO  time: code lens generation in 1.6s[0m
2025.04.09 13:37:57 INFO  time: code lens generation in 1.99s[0m
2025.04.09 13:37:57 INFO  time: code lens generation in 1.99s[0m
2025.04.09 13:37:58 INFO  no build target found for /home/lh/ysyx/ysyx-workbench/chisel2/npc/src/Xbar.scala. Using presentation compiler with project's scala-library version: 2.13.16[0m
2025.04.09 13:38:12 INFO  no build target found for /home/lh/ysyx/ysyx-workbench/chisel2/npc/src/Xbar.scala. Using presentation compiler with project's scala-library version: 2.13.16[0m
2025.04.09 13:38:12 INFO  no build target found for /home/lh/ysyx/ysyx-workbench/chisel2/npc/src/SRAM.scala. Using presentation compiler with project's scala-library version: 2.13.16[0m
2025.04.09 13:38:12 INFO  no build target found for /home/lh/ysyx/ysyx-workbench/chisel2/npc/src/SRAM.scala. Using presentation compiler with project's scala-library version: 2.13.16[0m
2025.04.09 13:38:12 WARN  no build target for: /home/lh/ysyx/ysyx-workbench/chisel2/npc/src/SRAM.scala[0m
2025.04.09 13:38:12 INFO  no build target found for /home/lh/ysyx/ysyx-workbench/chisel2/npc/src/SRAM.scala. Using presentation compiler with project's scala-library version: 2.13.16[0m
2025.04.09 13:38:12 INFO  no build target found for /home/lh/ysyx/ysyx-workbench/chisel2/npc/src/SRAM.scala. Using presentation compiler with project's scala-library version: 2.13.16[0m
2025.04.09 13:38:21 INFO  no build target found for /home/lh/ysyx/ysyx-workbench/chisel2/npc/src/SRAM.scala. Using presentation compiler with project's scala-library version: 2.13.16[0m
2025.04.09 13:38:21 INFO  no build target found for /home/lh/ysyx/ysyx-workbench/chisel2/build.sc. Using presentation compiler with project's scala-library version: 2.13.16[0m
2025.04.09 13:38:22 INFO  no build target found for /home/lh/ysyx/ysyx-workbench/chisel2/build.sc. Using presentation compiler with project's scala-library version: 2.13.16[0m
2025.04.09 13:38:22 WARN  no build target for: /home/lh/ysyx/ysyx-workbench/chisel2/build.sc[0m
2025.04.09 13:38:22 INFO  no build target found for /home/lh/ysyx/ysyx-workbench/chisel2/build.sc. Using presentation compiler with project's scala-library version: 2.13.16[0m
2025.04.09 13:38:22 INFO  no build target found for /home/lh/ysyx/ysyx-workbench/chisel2/build.sc. Using presentation compiler with project's scala-library version: 2.13.16[0m
2025.04.09 13:44:18 INFO  Started: Metals version 1.5.2 in folders '/home/lh/ysyx/ysyx-workbench/chisel' for client Visual Studio Code 1.99.1.[0m
2025.04.09 13:44:23 INFO  no build target found for /home/lh/ysyx/ysyx-workbench/chisel/npc/src/Xbar.scala. Using presentation compiler with project's scala-library version: 3.3.5[0m
2025.04.09 13:44:23 INFO  no build target found for /home/lh/ysyx/ysyx-workbench/chisel/npc/src/Xbar.scala. Using presentation compiler with project's scala-library version: 3.3.5[0m
2025.04.09 13:44:23 INFO  Attempting to connect to the build server...[0m
2025.04.09 13:44:23 INFO  Found a Bloop server running[0m
2025.04.09 13:44:24 INFO  tracing is disabled for protocol BSP, to enable tracing of incoming and outgoing JSON messages create an empty file at /home/lh/ysyx/ysyx-workbench/chisel/.metals/bsp.trace.json or /home/lh/.cache/metals/bsp.trace.json[0m
2025.04.09 13:44:25 INFO  no build target found for /home/lh/ysyx/ysyx-workbench/chisel/npc/src/Xbar.scala. Using presentation compiler with project's scala-library version: 3.3.5[0m
Apr 09, 2025 1:44:25 PM org.eclipse.lsp4j.jsonrpc.RemoteEndpoint handleCancellation
WARNING: Unmatched cancel notification for request id 2
Apr 09, 2025 1:44:25 PM org.eclipse.lsp4j.jsonrpc.services.GenericEndpoint notify
INFO: Unsupported notification method: $/setTrace
2025.04.09 13:44:25 INFO  time: Connected to build server in 1.36s[0m
2025.04.09 13:44:25 INFO  Connected to Build server: Bloop v2.0.9[0m
'align.tokens.add' is deprecated; use align.tokens."+" instead.
2025.04.09 13:44:25 INFO  time: Imported build in 0.13s[0m
2025.04.09 13:44:25 WARN  2.13.12 is no longer supported in the current Metals versions, using the last known supported version 1.4.2[0m
2025.04.09 13:44:28 WARN  Could not find java sources in /usr/lib/jvm/src.zip, /usr/lib/jvm/lib/src.zip, /usr/lib/jvm/java-17-openjdk-amd64/src.zip, /usr/lib/jvm/java-17-openjdk-amd64/lib/src.zip. Java symbols will not be available.[0m
2025.04.09 13:44:28 INFO  time: indexed workspace in 3.42s[0m
2025.04.09 13:44:29 WARN  no build target for: /home/lh/ysyx/ysyx-workbench/chisel/npc/src/Xbar.scala[0m
2025.04.09 13:44:29 INFO  no build target found for /home/lh/ysyx/ysyx-workbench/chisel/npc/src/Xbar.scala. Using presentation compiler with project's scala-library version: 2.13.16[0m
2025.04.09 13:44:29 WARN  no build target for: /home/lh/ysyx/ysyx-workbench/chisel/npc/src/Xbar.scala[0m
2025.04.09 13:44:29 INFO  no build target found for /home/lh/ysyx/ysyx-workbench/chisel/npc/src/Xbar.scala. Using presentation compiler with project's scala-library version: 2.13.16[0m
2025.04.09 13:44:30 INFO  time: code lens generation in 1.85s[0m
2025.04.09 13:44:30 INFO  time: code lens generation in 1.85s[0m
2025.04.09 13:44:30 INFO  time: code lens generation in 1.69s[0m
2025.04.09 13:44:32 INFO  no build target found for /home/lh/ysyx/ysyx-workbench/chisel/npc/src/Xbar.scala. Using presentation compiler with project's scala-library version: 2.13.16[0m
2025.04.09 13:44:40 INFO  no build target found for /home/lh/ysyx/ysyx-workbench/chisel/npc/src/Xbar.scala. Using presentation compiler with project's scala-library version: 2.13.16[0m
2025.04.09 13:44:42 INFO  no build target found for /home/lh/ysyx/ysyx-workbench/chisel/npc/src/Xbar.scala. Using presentation compiler with project's scala-library version: 2.13.16[0m
2025.04.09 13:44:42 INFO  no build target found for /home/lh/ysyx/ysyx-workbench/chisel/npc/src/Xbar.scala. Using presentation compiler with project's scala-library version: 2.13.16[0m
2025.04.09 13:44:42 INFO  no build target found for /home/lh/ysyx/ysyx-workbench/chisel/npc/src/Xbar.scala. Using presentation compiler with project's scala-library version: 2.13.16[0m
2025.04.09 13:44:44 INFO  no build target found for /home/lh/ysyx/ysyx-workbench/chisel/npc/src/Xbar.scala. Using presentation compiler with project's scala-library version: 2.13.16[0m
2025.04.09 13:44:44 INFO  no build target found for /home/lh/ysyx/ysyx-workbench/chisel/npc/src/Xbar.scala. Using presentation compiler with project's scala-library version: 2.13.16[0m
2025.04.09 13:44:44 INFO  no build target found for /home/lh/ysyx/ysyx-workbench/chisel/npc/src/Xbar.scala. Using presentation compiler with project's scala-library version: 2.13.16[0m
2025.04.09 13:44:45 INFO  no build target found for /home/lh/ysyx/ysyx-workbench/chisel/npc/src/Xbar.scala. Using presentation compiler with project's scala-library version: 2.13.16[0m
2025.04.09 13:44:47 INFO  no build target found for /home/lh/ysyx/ysyx-workbench/chisel/npc/src/Xbar.scala. Using presentation compiler with project's scala-library version: 2.13.16[0m
2025.04.09 13:44:47 INFO  no build target found for /home/lh/ysyx/ysyx-workbench/chisel/npc/src/Xbar.scala. Using presentation compiler with project's scala-library version: 2.13.16[0m
2025.04.09 13:44:47 INFO  no build target found for /home/lh/ysyx/ysyx-workbench/chisel/npc/src/Xbar.scala. Using presentation compiler with project's scala-library version: 2.13.16[0m
2025.04.09 13:44:47 INFO  no build target found for /home/lh/ysyx/ysyx-workbench/chisel/npc/src/Xbar.scala. Using presentation compiler with project's scala-library version: 2.13.16[0m
2025.04.09 13:44:48 WARN  no build target for: /home/lh/ysyx/ysyx-workbench/chisel/npc/src/Xbar.scala[0m
2025.04.09 13:44:48 INFO  no build target found for /home/lh/ysyx/ysyx-workbench/chisel/npc/src/Xbar.scala. Using presentation compiler with project's scala-library version: 2.13.16[0m
2025.04.09 13:44:49 INFO  no build target found for /home/lh/ysyx/ysyx-workbench/chisel/npc/src/Xbar.scala. Using presentation compiler with project's scala-library version: 2.13.16[0m
Apr 09, 2025 1:44:49 PM org.eclipse.lsp4j.jsonrpc.RemoteEndpoint handleCancellation
WARNING: Unmatched cancel notification for request id 33
2025.04.09 13:44:49 INFO  no build target found for /home/lh/ysyx/ysyx-workbench/chisel/npc/src/Xbar.scala. Using presentation compiler with project's scala-library version: 2.13.16[0m
2025.04.09 13:44:49 INFO  no build target found for /home/lh/ysyx/ysyx-workbench/chisel/npc/src/Xbar.scala. Using presentation compiler with project's scala-library version: 2.13.16[0m
2025.04.09 13:44:50 INFO  no build target found for /home/lh/ysyx/ysyx-workbench/chisel/npc/src/Xbar.scala. Using presentation compiler with project's scala-library version: 2.13.16[0m
2025.04.09 13:44:50 INFO  no build target found for /home/lh/ysyx/ysyx-workbench/chisel/npc/src/Xbar.scala. Using presentation compiler with project's scala-library version: 2.13.16[0m
2025.04.09 13:44:50 INFO  no build target found for /home/lh/ysyx/ysyx-workbench/chisel/npc/src/Xbar.scala. Using presentation compiler with project's scala-library version: 2.13.16[0m
2025.04.09 13:44:51 INFO  no build target found for /home/lh/ysyx/ysyx-workbench/chisel/npc/src/Xbar.scala. Using presentation compiler with project's scala-library version: 2.13.16[0m
2025.04.09 13:44:51 INFO  no build target found for /home/lh/ysyx/ysyx-workbench/chisel/npc/src/Xbar.scala. Using presentation compiler with project's scala-library version: 2.13.16[0m
2025.04.09 13:44:51 WARN  no build target for: /home/lh/ysyx/ysyx-workbench/chisel/npc/src/Xbar.scala[0m
2025.04.09 13:44:51 INFO  no build target found for /home/lh/ysyx/ysyx-workbench/chisel/npc/src/Xbar.scala. Using presentation compiler with project's scala-library version: 2.13.16[0m
2025.04.09 13:44:52 INFO  no build target found for /home/lh/ysyx/ysyx-workbench/chisel/npc/src/Xbar.scala. Using presentation compiler with project's scala-library version: 2.13.16[0m
2025.04.09 13:44:52 INFO  no build target found for /home/lh/ysyx/ysyx-workbench/chisel/npc/src/Xbar.scala. Using presentation compiler with project's scala-library version: 2.13.16[0m
2025.04.09 13:44:52 INFO  no build target found for /home/lh/ysyx/ysyx-workbench/chisel/npc/src/Xbar.scala. Using presentation compiler with project's scala-library version: 2.13.16[0m
2025.04.09 13:44:53 INFO  no build target found for /home/lh/ysyx/ysyx-workbench/chisel/npc/src/Xbar.scala. Using presentation compiler with project's scala-library version: 2.13.16[0m
2025.04.09 13:44:53 INFO  no build target found for /home/lh/ysyx/ysyx-workbench/chisel/npc/src/Xbar.scala. Using presentation compiler with project's scala-library version: 2.13.16[0m
2025.04.09 13:44:54 INFO  no build target found for /home/lh/ysyx/ysyx-workbench/chisel/npc/src/Xbar.scala. Using presentation compiler with project's scala-library version: 2.13.16[0m
2025.04.09 13:44:54 INFO  no build target found for /home/lh/ysyx/ysyx-workbench/chisel/npc/src/Xbar.scala. Using presentation compiler with project's scala-library version: 2.13.16[0m
2025.04.09 13:44:54 INFO  no build target found for /home/lh/ysyx/ysyx-workbench/chisel/npc/src/Xbar.scala. Using presentation compiler with project's scala-library version: 2.13.16[0m
2025.04.09 13:44:54 INFO  no build target found for /home/lh/ysyx/ysyx-workbench/chisel/npc/src/Xbar.scala. Using presentation compiler with project's scala-library version: 2.13.16[0m
2025.04.09 13:44:54 WARN  no build target for: /home/lh/ysyx/ysyx-workbench/chisel/npc/src/Xbar.scala[0m
2025.04.09 13:44:54 INFO  no build target found for /home/lh/ysyx/ysyx-workbench/chisel/npc/src/Xbar.scala. Using presentation compiler with project's scala-library version: 2.13.16[0m
2025.04.09 13:44:56 INFO  no build target found for /home/lh/ysyx/ysyx-workbench/chisel/npc/src/Xbar.scala. Using presentation compiler with project's scala-library version: 2.13.16[0m
2025.04.09 13:44:56 INFO  no build target found for /home/lh/ysyx/ysyx-workbench/chisel/npc/src/Xbar.scala. Using presentation compiler with project's scala-library version: 2.13.16[0m
2025.04.09 13:44:56 INFO  no build target found for /home/lh/ysyx/ysyx-workbench/chisel/npc/src/Xbar.scala. Using presentation compiler with project's scala-library version: 2.13.16[0m
2025.04.09 13:44:57 INFO  no build target found for /home/lh/ysyx/ysyx-workbench/chisel/npc/src/Xbar.scala. Using presentation compiler with project's scala-library version: 2.13.16[0m
2025.04.09 13:44:57 INFO  no build target found for /home/lh/ysyx/ysyx-workbench/chisel/npc/src/Xbar.scala. Using presentation compiler with project's scala-library version: 2.13.16[0m
2025.04.09 13:44:57 INFO  no build target found for /home/lh/ysyx/ysyx-workbench/chisel/npc/src/Xbar.scala. Using presentation compiler with project's scala-library version: 2.13.16[0m
2025.04.09 13:44:57 INFO  no build target found for /home/lh/ysyx/ysyx-workbench/chisel/npc/src/Xbar.scala. Using presentation compiler with project's scala-library version: 2.13.16[0m
2025.04.09 13:44:58 INFO  no build target found for /home/lh/ysyx/ysyx-workbench/chisel/npc/src/Xbar.scala. Using presentation compiler with project's scala-library version: 2.13.16[0m
2025.04.09 13:44:58 INFO  no build target found for /home/lh/ysyx/ysyx-workbench/chisel/npc/src/Xbar.scala. Using presentation compiler with project's scala-library version: 2.13.16[0m
2025.04.09 13:44:58 INFO  no build target found for /home/lh/ysyx/ysyx-workbench/chisel/npc/src/Xbar.scala. Using presentation compiler with project's scala-library version: 2.13.16[0m
2025.04.09 13:44:58 INFO  no build target found for /home/lh/ysyx/ysyx-workbench/chisel/npc/src/Xbar.scala. Using presentation compiler with project's scala-library version: 2.13.16[0m
2025.04.09 13:44:59 INFO  no build target found for /home/lh/ysyx/ysyx-workbench/chisel/npc/src/Xbar.scala. Using presentation compiler with project's scala-library version: 2.13.16[0m
2025.04.09 13:44:59 WARN  no build target for: /home/lh/ysyx/ysyx-workbench/chisel/npc/src/Xbar.scala[0m
2025.04.09 13:44:58 INFO  no build target found for /home/lh/ysyx/ysyx-workbench/chisel/npc/src/Xbar.scala. Using presentation compiler with project's scala-library version: 2.13.16[0m
2025.04.09 13:45:00 INFO  no build target found for /home/lh/ysyx/ysyx-workbench/chisel/npc/src/Xbar.scala. Using presentation compiler with project's scala-library version: 2.13.16[0m
2025.04.09 13:45:00 INFO  no build target found for /home/lh/ysyx/ysyx-workbench/chisel/npc/src/Xbar.scala. Using presentation compiler with project's scala-library version: 2.13.16[0m
Apr 09, 2025 1:45:00 PM org.eclipse.lsp4j.jsonrpc.RemoteEndpoint handleCancellation
WARNING: Unmatched cancel notification for request id 76
2025.04.09 13:45:00 INFO  no build target found for /home/lh/ysyx/ysyx-workbench/chisel/npc/src/Xbar.scala. Using presentation compiler with project's scala-library version: 2.13.16[0m
2025.04.09 13:45:01 INFO  no build target found for /home/lh/ysyx/ysyx-workbench/chisel/npc/src/Xbar.scala. Using presentation compiler with project's scala-library version: 2.13.16[0m
2025.04.09 13:45:01 INFO  no build target found for /home/lh/ysyx/ysyx-workbench/chisel/npc/src/Xbar.scala. Using presentation compiler with project's scala-library version: 2.13.16[0m
2025.04.09 13:45:02 INFO  no build target found for /home/lh/ysyx/ysyx-workbench/chisel/npc/src/Xbar.scala. Using presentation compiler with project's scala-library version: 2.13.16[0m
2025.04.09 13:45:03 INFO  no build target found for /home/lh/ysyx/ysyx-workbench/chisel/npc/src/Xbar.scala. Using presentation compiler with project's scala-library version: 2.13.16[0m
2025.04.09 13:45:03 INFO  no build target found for /home/lh/ysyx/ysyx-workbench/chisel/npc/src/Xbar.scala. Using presentation compiler with project's scala-library version: 2.13.16[0m
2025.04.09 13:45:05 INFO  no build target found for /home/lh/ysyx/ysyx-workbench/chisel/npc/src/Xbar.scala. Using presentation compiler with project's scala-library version: 2.13.16[0m
2025.04.09 13:45:05 INFO  no build target found for /home/lh/ysyx/ysyx-workbench/chisel/npc/src/Xbar.scala. Using presentation compiler with project's scala-library version: 2.13.16[0m
2025.04.09 13:45:07 INFO  no build target found for /home/lh/ysyx/ysyx-workbench/chisel/npc/src/Xbar.scala. Using presentation compiler with project's scala-library version: 2.13.16[0m
2025.04.09 13:45:09 INFO  no build target found for /home/lh/ysyx/ysyx-workbench/chisel/npc/src/Xbar.scala. Using presentation compiler with project's scala-library version: 2.13.16[0m
2025.04.09 13:45:09 INFO  no build target found for /home/lh/ysyx/ysyx-workbench/chisel/npc/src/Xbar.scala. Using presentation compiler with project's scala-library version: 2.13.16[0m
2025.04.09 13:45:09 INFO  no build target found for /home/lh/ysyx/ysyx-workbench/chisel/npc/src/Xbar.scala. Using presentation compiler with project's scala-library version: 2.13.16[0m
2025.04.09 13:45:09 INFO  no build target found for /home/lh/ysyx/ysyx-workbench/chisel/npc/src/Xbar.scala. Using presentation compiler with project's scala-library version: 2.13.16[0m
2025.04.09 13:45:09 INFO  no build target found for /home/lh/ysyx/ysyx-workbench/chisel/npc/src/Xbar.scala. Using presentation compiler with project's scala-library version: 2.13.16[0m
2025.04.09 13:45:10 WARN  no build target for: /home/lh/ysyx/ysyx-workbench/chisel/npc/src/Xbar.scala[0m
2025.04.09 13:45:10 INFO  no build target found for /home/lh/ysyx/ysyx-workbench/chisel/npc/src/Xbar.scala. Using presentation compiler with project's scala-library version: 2.13.16[0m
2025.04.09 13:45:11 INFO  no build target found for /home/lh/ysyx/ysyx-workbench/chisel/npc/src/Xbar.scala. Using presentation compiler with project's scala-library version: 2.13.16[0m
Apr 09, 2025 1:45:11 PM org.eclipse.lsp4j.jsonrpc.RemoteEndpoint handleCancellation
WARNING: Unmatched cancel notification for request id 96
2025.04.09 13:45:12 INFO  no build target found for /home/lh/ysyx/ysyx-workbench/chisel/npc/src/Xbar.scala. Using presentation compiler with project's scala-library version: 2.13.16[0m
2025.04.09 13:45:12 INFO  no build target found for /home/lh/ysyx/ysyx-workbench/chisel/npc/src/Xbar.scala. Using presentation compiler with project's scala-library version: 2.13.16[0m
2025.04.09 13:45:12 INFO  no build target found for /home/lh/ysyx/ysyx-workbench/chisel/npc/src/Xbar.scala. Using presentation compiler with project's scala-library version: 2.13.16[0m
2025.04.09 13:45:13 INFO  no build target found for /home/lh/ysyx/ysyx-workbench/chisel/npc/src/Xbar.scala. Using presentation compiler with project's scala-library version: 2.13.16[0m
2025.04.09 13:45:13 INFO  no build target found for /home/lh/ysyx/ysyx-workbench/chisel/npc/src/Xbar.scala. Using presentation compiler with project's scala-library version: 2.13.16[0m
2025.04.09 13:45:13 INFO  no build target found for /home/lh/ysyx/ysyx-workbench/chisel/npc/src/Xbar.scala. Using presentation compiler with project's scala-library version: 2.13.16[0m
2025.04.09 13:45:13 INFO  no build target found for /home/lh/ysyx/ysyx-workbench/chisel/npc/src/Xbar.scala. Using presentation compiler with project's scala-library version: 2.13.16[0m
2025.04.09 13:45:14 WARN  no build target for: /home/lh/ysyx/ysyx-workbench/chisel/npc/src/Xbar.scala[0m
2025.04.09 13:45:14 INFO  no build target found for /home/lh/ysyx/ysyx-workbench/chisel/npc/src/Xbar.scala. Using presentation compiler with project's scala-library version: 2.13.16[0m
2025.04.09 13:48:05 WARN  no build target for: /home/lh/ysyx/ysyx-workbench/chisel/npc/src/Xbar.scala[0m
2025.04.09 13:48:05 INFO  no build target found for /home/lh/ysyx/ysyx-workbench/chisel/npc/src/Xbar.scala. Using presentation compiler with project's scala-library version: 2.13.16[0m
2025.04.09 13:49:32 INFO  no build target found for /home/lh/ysyx/ysyx-workbench/chisel/npc/src/ysyx_23060351.scala. Using presentation compiler with project's scala-library version: 2.13.16[0m
2025.04.09 13:49:32 INFO  no build target found for /home/lh/ysyx/ysyx-workbench/chisel/npc/src/ysyx_23060351.scala. Using presentation compiler with project's scala-library version: 2.13.16[0m
2025.04.09 13:49:32 WARN  no build target for: /home/lh/ysyx/ysyx-workbench/chisel/npc/src/ysyx_23060351.scala[0m
2025.04.09 13:49:32 INFO  no build target found for /home/lh/ysyx/ysyx-workbench/chisel/npc/src/ysyx_23060351.scala. Using presentation compiler with project's scala-library version: 2.13.16[0m
2025.04.09 13:49:32 INFO  no build target found for /home/lh/ysyx/ysyx-workbench/chisel/npc/src/ysyx_23060351.scala. Using presentation compiler with project's scala-library version: 2.13.16[0m
2025.04.09 13:49:32 INFO  no build target found for /home/lh/ysyx/ysyx-workbench/chisel/npc/src/ysyx_23060351.scala. Using presentation compiler with project's scala-library version: 2.13.16[0m
2025.04.09 13:49:34 INFO  no build target found for /home/lh/ysyx/ysyx-workbench/chisel/npc/src/SRAM.scala. Using presentation compiler with project's scala-library version: 2.13.16[0m
2025.04.09 13:49:34 INFO  no build target found for /home/lh/ysyx/ysyx-workbench/chisel/npc/src/SRAM.scala. Using presentation compiler with project's scala-library version: 2.13.16[0m
2025.04.09 13:49:34 WARN  no build target for: /home/lh/ysyx/ysyx-workbench/chisel/npc/src/SRAM.scala[0m
2025.04.09 13:49:34 INFO  no build target found for /home/lh/ysyx/ysyx-workbench/chisel/npc/src/SRAM.scala. Using presentation compiler with project's scala-library version: 2.13.16[0m
2025.04.09 13:49:34 INFO  no build target found for /home/lh/ysyx/ysyx-workbench/chisel/npc/src/SRAM.scala. Using presentation compiler with project's scala-library version: 2.13.16[0m
2025.04.09 13:49:37 INFO  no build target found for /home/lh/ysyx/ysyx-workbench/chisel/npc/src/ysyx_23060351.scala. Using presentation compiler with project's scala-library version: 2.13.16[0m
2025.04.09 13:49:37 INFO  no build target found for /home/lh/ysyx/ysyx-workbench/chisel/npc/src/WBU.scala. Using presentation compiler with project's scala-library version: 2.13.16[0m
2025.04.09 13:49:37 INFO  no build target found for /home/lh/ysyx/ysyx-workbench/chisel/npc/src/WBU.scala. Using presentation compiler with project's scala-library version: 2.13.16[0m
2025.04.09 13:49:37 INFO  no build target found for /home/lh/ysyx/ysyx-workbench/chisel/npc/src/WBU.scala. Using presentation compiler with project's scala-library version: 2.13.16[0m
2025.04.09 13:49:37 WARN  no build target for: /home/lh/ysyx/ysyx-workbench/chisel/npc/src/WBU.scala[0m
2025.04.09 13:49:37 INFO  no build target found for /home/lh/ysyx/ysyx-workbench/chisel/npc/src/WBU.scala. Using presentation compiler with project's scala-library version: 2.13.16[0m
2025.04.09 13:49:37 INFO  no build target found for /home/lh/ysyx/ysyx-workbench/chisel/npc/src/WBU.scala. Using presentation compiler with project's scala-library version: 2.13.16[0m
2025.04.09 13:49:37 INFO  no build target found for /home/lh/ysyx/ysyx-workbench/chisel/npc/src/WBU.scala. Using presentation compiler with project's scala-library version: 2.13.16[0m
2025.04.09 13:49:37 INFO  no build target found for /home/lh/ysyx/ysyx-workbench/chisel/npc/src/utils.scala. Using presentation compiler with project's scala-library version: 2.13.16[0m
2025.04.09 13:49:37 INFO  no build target found for /home/lh/ysyx/ysyx-workbench/chisel/npc/src/utils.scala. Using presentation compiler with project's scala-library version: 2.13.16[0m
2025.04.09 13:49:37 WARN  no build target for: /home/lh/ysyx/ysyx-workbench/chisel/npc/src/utils.scala[0m
2025.04.09 13:49:37 INFO  no build target found for /home/lh/ysyx/ysyx-workbench/chisel/npc/src/utils.scala. Using presentation compiler with project's scala-library version: 2.13.16[0m
2025.04.09 13:49:37 INFO  no build target found for /home/lh/ysyx/ysyx-workbench/chisel/npc/src/utils.scala. Using presentation compiler with project's scala-library version: 2.13.16[0m
2025.04.09 13:49:38 INFO  no build target found for /home/lh/ysyx/ysyx-workbench/chisel/npc/src/utils.scala. Using presentation compiler with project's scala-library version: 2.13.16[0m
2025.04.09 13:49:40 INFO  no build target found for /home/lh/ysyx/ysyx-workbench/chisel/npc/src/Aribiter.scala. Using presentation compiler with project's scala-library version: 2.13.16[0m
2025.04.09 13:49:40 INFO  no build target found for /home/lh/ysyx/ysyx-workbench/chisel/npc/src/Aribiter.scala. Using presentation compiler with project's scala-library version: 2.13.16[0m
2025.04.09 13:49:40 WARN  no build target for: /home/lh/ysyx/ysyx-workbench/chisel/npc/src/Aribiter.scala[0m
2025.04.09 13:49:41 INFO  no build target found for /home/lh/ysyx/ysyx-workbench/chisel/npc/src/Aribiter.scala. Using presentation compiler with project's scala-library version: 2.13.16[0m
2025.04.09 13:52:26 WARN  no build target for: /home/lh/ysyx/ysyx-workbench/chisel/npc/src/Xbar.scala[0m
2025.04.09 13:52:26 INFO  no build target found for /home/lh/ysyx/ysyx-workbench/chisel/npc/src/Xbar.scala. Using presentation compiler with project's scala-library version: 2.13.16[0m
2025.04.09 13:52:28 INFO  no build target found for /home/lh/ysyx/ysyx-workbench/chisel/npc/src/Xbar.scala. Using presentation compiler with project's scala-library version: 2.13.16[0m
2025.04.09 13:52:28 INFO  no build target found for /home/lh/ysyx/ysyx-workbench/chisel/npc/src/Xbar.scala. Using presentation compiler with project's scala-library version: 2.13.16[0m
2025.04.09 13:52:30 INFO  no build target found for /home/lh/ysyx/ysyx-workbench/chisel/npc/src/Xbar.scala. Using presentation compiler with project's scala-library version: 2.13.16[0m
2025.04.09 13:53:00 INFO  no build target found for /home/lh/ysyx/ysyx-workbench/chisel/npc/src/utils.scala. Using presentation compiler with project's scala-library version: 2.13.16[0m
2025.04.09 13:53:00 INFO  no build target found for /home/lh/ysyx/ysyx-workbench/chisel/npc/src/IFU.scala. Using presentation compiler with project's scala-library version: 2.13.16[0m
2025.04.09 13:53:00 INFO  no build target found for /home/lh/ysyx/ysyx-workbench/chisel/npc/src/IFU.scala. Using presentation compiler with project's scala-library version: 2.13.16[0m
2025.04.09 13:53:00 WARN  no build target for: /home/lh/ysyx/ysyx-workbench/chisel/npc/src/IFU.scala[0m
2025.04.09 13:53:00 INFO  no build target found for /home/lh/ysyx/ysyx-workbench/chisel/npc/src/IFU.scala. Using presentation compiler with project's scala-library version: 2.13.16[0m
2025.04.09 13:53:00 INFO  no build target found for /home/lh/ysyx/ysyx-workbench/chisel/npc/src/IFU.scala. Using presentation compiler with project's scala-library version: 2.13.16[0m
2025.04.09 13:53:00 INFO  no build target found for /home/lh/ysyx/ysyx-workbench/chisel/npc/src/IFU.scala. Using presentation compiler with project's scala-library version: 2.13.16[0m
2025.04.09 13:53:07 INFO  no build target found for /home/lh/ysyx/ysyx-workbench/chisel/npc/src/IFU.scala. Using presentation compiler with project's scala-library version: 2.13.16[0m
2025.04.09 13:53:07 INFO  no build target found for /home/lh/ysyx/ysyx-workbench/chisel/npc/src/PCReg.scala. Using presentation compiler with project's scala-library version: 2.13.16[0m
2025.04.09 13:53:07 INFO  no build target found for /home/lh/ysyx/ysyx-workbench/chisel/npc/src/PCReg.scala. Using presentation compiler with project's scala-library version: 2.13.16[0m
2025.04.09 13:53:07 INFO  no build target found for /home/lh/ysyx/ysyx-workbench/chisel/npc/src/PCReg.scala. Using presentation compiler with project's scala-library version: 2.13.16[0m
2025.04.09 13:53:07 WARN  no build target for: /home/lh/ysyx/ysyx-workbench/chisel/npc/src/PCReg.scala[0m
2025.04.09 13:53:07 INFO  no build target found for /home/lh/ysyx/ysyx-workbench/chisel/npc/src/PCReg.scala. Using presentation compiler with project's scala-library version: 2.13.16[0m
2025.04.09 13:53:07 INFO  no build target found for /home/lh/ysyx/ysyx-workbench/chisel/npc/src/PCReg.scala. Using presentation compiler with project's scala-library version: 2.13.16[0m
2025.04.09 13:53:08 INFO  no build target found for /home/lh/ysyx/ysyx-workbench/chisel/npc/src/PCReg.scala. Using presentation compiler with project's scala-library version: 2.13.16[0m
2025.04.09 13:53:08 INFO  no build target found for /home/lh/ysyx/ysyx-workbench/chisel/npc/src/PCReg.scala. Using presentation compiler with project's scala-library version: 2.13.16[0m
2025.04.09 13:53:08 INFO  no build target found for /home/lh/ysyx/ysyx-workbench/chisel/npc/src/PCReg.scala. Using presentation compiler with project's scala-library version: 2.13.16[0m
2025.04.09 13:53:10 INFO  no build target found for /home/lh/ysyx/ysyx-workbench/chisel/npc/src/PCReg.scala. Using presentation compiler with project's scala-library version: 2.13.16[0m
2025.04.09 13:53:10 INFO  no build target found for /home/lh/ysyx/ysyx-workbench/chisel/npc/src/PCReg.scala. Using presentation compiler with project's scala-library version: 2.13.16[0m
2025.04.09 13:53:10 INFO  no build target found for /home/lh/ysyx/ysyx-workbench/chisel/npc/src/PCReg.scala. Using presentation compiler with project's scala-library version: 2.13.16[0m
2025.04.09 13:53:10 INFO  no build target found for /home/lh/ysyx/ysyx-workbench/chisel/npc/src/PCReg.scala. Using presentation compiler with project's scala-library version: 2.13.16[0m
2025.04.09 13:53:10 INFO  no build target found for /home/lh/ysyx/ysyx-workbench/chisel/npc/src/PCReg.scala. Using presentation compiler with project's scala-library version: 2.13.16[0m
2025.04.09 13:53:10 INFO  no build target found for /home/lh/ysyx/ysyx-workbench/chisel/npc/src/PCReg.scala. Using presentation compiler with project's scala-library version: 2.13.16[0m
2025.04.09 13:53:10 INFO  no build target found for /home/lh/ysyx/ysyx-workbench/chisel/npc/src/PCReg.scala. Using presentation compiler with project's scala-library version: 2.13.16[0m
2025.04.09 13:53:10 INFO  no build target found for /home/lh/ysyx/ysyx-workbench/chisel/npc/src/PCReg.scala. Using presentation compiler with project's scala-library version: 2.13.16[0m
2025.04.09 13:53:11 WARN  no build target for: /home/lh/ysyx/ysyx-workbench/chisel/npc/src/PCReg.scala[0m
2025.04.09 13:53:11 INFO  no build target found for /home/lh/ysyx/ysyx-workbench/chisel/npc/src/PCReg.scala. Using presentation compiler with project's scala-library version: 2.13.16[0m
2025.04.09 13:57:31 INFO  Shutting down server[0m
2025.04.09 13:57:31 INFO  shutting down Metals[0m
2025.04.09 13:57:31 INFO  Shut down connection with build server.[0m
2025.04.09 13:57:31 INFO  Exiting server[0m
2025.04.09 16:21:20 INFO  Started: Metals version 1.5.2 in folders '/home/lh/ysyx/ysyx-workbench/chisel' for client Visual Studio Code 1.99.1.[0m
2025.04.09 16:21:27 INFO  Attempting to connect to the build server...[0m
2025.04.09 16:21:27 INFO  Found a Bloop server running[0m
2025.04.09 16:21:27 INFO  no build target found for /home/lh/ysyx/ysyx-workbench/chisel/npc/src/ysyx_23060351.scala. Using presentation compiler with project's scala-library version: 3.3.5[0m
2025.04.09 16:21:28 INFO  no build target found for /home/lh/ysyx/ysyx-workbench/chisel/npc/src/ysyx_23060351.scala. Using presentation compiler with project's scala-library version: 3.3.5[0m
2025.04.09 16:21:28 INFO  tracing is disabled for protocol BSP, to enable tracing of incoming and outgoing JSON messages create an empty file at /home/lh/ysyx/ysyx-workbench/chisel/.metals/bsp.trace.json or /home/lh/.cache/metals/bsp.trace.json[0m
'align.tokens.add' is deprecated; use align.tokens."+" instead.
2025.04.09 16:21:32 INFO  no build target found for /home/lh/ysyx/ysyx-workbench/chisel/npc/src/ysyx_23060351.scala. Using presentation compiler with project's scala-library version: 3.3.5[0m
Apr 09, 2025 4:21:32 PM org.eclipse.lsp4j.jsonrpc.RemoteEndpoint handleCancellation
WARNING: Unmatched cancel notification for request id 6
2025.04.09 16:21:32 INFO  Shutting down server[0m
2025.04.09 16:21:32 INFO  shutting down Metals[0m
2025.04.09 16:21:33 INFO  Exiting server[0m
2025.04.09 20:32:41 INFO  Started: Metals version 1.5.2 in folders '/home/lh/ysyx/ysyx-workbench/chisel' for client Visual Studio Code 1.99.1.[0m
2025.04.09 20:32:43 INFO  no build target found for /home/lh/ysyx/ysyx-workbench/chisel/npc/src/ysyx_23060351.scala. Using presentation compiler with project's scala-library version: 3.3.5[0m
2025.04.09 20:32:43 INFO  Attempting to connect to the build server...[0m
2025.04.09 20:32:43 INFO  Found a Bloop server running[0m
2025.04.09 20:32:44 INFO  tracing is disabled for protocol BSP, to enable tracing of incoming and outgoing JSON messages create an empty file at /home/lh/ysyx/ysyx-workbench/chisel/.metals/bsp.trace.json or /home/lh/.cache/metals/bsp.trace.json[0m
2025.04.09 20:32:45 INFO  no build target found for /home/lh/ysyx/ysyx-workbench/chisel/npc/src/ysyx_23060351.scala. Using presentation compiler with project's scala-library version: 3.3.5[0m
Apr 09, 2025 8:32:45 PM org.eclipse.lsp4j.jsonrpc.RemoteEndpoint handleCancellation
WARNING: Unmatched cancel notification for request id 3
Apr 09, 2025 8:32:45 PM org.eclipse.lsp4j.jsonrpc.RemoteEndpoint handleCancellation
WARNING: Unmatched cancel notification for request id 1
2025.04.09 20:32:45 INFO  no build target found for /home/lh/ysyx/ysyx-workbench/chisel/npc/src/ysyx_23060351.scala. Using presentation compiler with project's scala-library version: 3.3.5[0m
'align.tokens.add' is deprecated; use align.tokens."+" instead.
2025.04.09 20:32:46 INFO  no build target found for /home/lh/ysyx/ysyx-workbench/chisel/npc/src/Xbar.scala. Using presentation compiler with project's scala-library version: 3.3.5[0m
2025.04.09 20:32:47 INFO  no build target found for /home/lh/ysyx/ysyx-workbench/chisel/npc/src/Xbar.scala. Using presentation compiler with project's scala-library version: 3.3.5[0m
2025.04.09 20:32:47 INFO  no build target found for /home/lh/ysyx/ysyx-workbench/chisel/npc/src/Xbar.scala. Using presentation compiler with project's scala-library version: 3.3.5[0m
2025.04.09 20:32:48 INFO  time: Connected to build server in 4.96s[0m
2025.04.09 20:32:48 INFO  Connected to Build server: Bloop v2.0.9[0m
2025.04.09 20:32:48 INFO  time: Imported build in 0.18s[0m
2025.04.09 20:32:48 WARN  2.13.12 is no longer supported in the current Metals versions, using the last known supported version 1.4.2[0m
2025.04.09 20:32:48 INFO  no build target found for /home/lh/ysyx/ysyx-workbench/chisel/npc/src/Xbar.scala. Using presentation compiler with project's scala-library version: 2.13.16[0m
2025.04.09 20:32:48 INFO  no build target found for /home/lh/ysyx/ysyx-workbench/chisel/npc/src/Xbar.scala. Using presentation compiler with project's scala-library version: 2.13.16[0m
2025.04.09 20:32:48 INFO  no build target found for /home/lh/ysyx/ysyx-workbench/chisel/npc/src/Xbar.scala. Using presentation compiler with project's scala-library version: 2.13.16[0m
2025.04.09 20:32:48 INFO  no build target found for /home/lh/ysyx/ysyx-workbench/chisel/npc/src/Xbar.scala. Using presentation compiler with project's scala-library version: 2.13.16[0m
Apr 09, 2025 8:32:49 PM org.eclipse.lsp4j.jsonrpc.RemoteEndpoint handleCancellation
WARNING: Unmatched cancel notification for request id 16
Apr 09, 2025 8:32:49 PM org.eclipse.lsp4j.jsonrpc.RemoteEndpoint handleCancellation
WARNING: Unmatched cancel notification for request id 17
2025.04.09 20:32:50 WARN  Could not find java sources in /usr/lib/jvm/src.zip, /usr/lib/jvm/lib/src.zip, /usr/lib/jvm/java-17-openjdk-amd64/src.zip, /usr/lib/jvm/java-17-openjdk-amd64/lib/src.zip. Java symbols will not be available.[0m
2025.04.09 20:32:50 INFO  time: indexed workspace in 2.84s[0m
2025.04.09 20:32:51 WARN  no build target for: /home/lh/ysyx/ysyx-workbench/chisel/npc/src/Xbar.scala[0m
2025.04.09 20:32:51 INFO  no build target found for /home/lh/ysyx/ysyx-workbench/chisel/npc/src/Xbar.scala. Using presentation compiler with project's scala-library version: 2.13.16[0m
2025.04.09 20:32:51 INFO  no build target found for /home/lh/ysyx/ysyx-workbench/chisel/npc/src/Xbar.scala. Using presentation compiler with project's scala-library version: 2.13.16[0m
2025.04.09 20:32:51 WARN  no build target for: /home/lh/ysyx/ysyx-workbench/chisel/npc/src/ysyx_23060351.scala[0m
2025.04.09 20:32:51 WARN  no build target for: /home/lh/ysyx/ysyx-workbench/chisel/npc/src/Xbar.scala[0m
2025.04.09 20:32:51 INFO  no build target found for /home/lh/ysyx/ysyx-workbench/chisel/npc/src/ysyx_23060351.scala. Using presentation compiler with project's scala-library version: 2.13.16[0m
2025.04.09 20:32:51 INFO  no build target found for /home/lh/ysyx/ysyx-workbench/chisel/npc/src/Xbar.scala. Using presentation compiler with project's scala-library version: 2.13.16[0m
2025.04.09 20:33:05 INFO  no build target found for /home/lh/ysyx/ysyx-workbench/chisel/npc/src/Xbar.scala. Using presentation compiler with project's scala-library version: 2.13.16[0m
2025.04.09 20:33:05 INFO  no build target found for /home/lh/ysyx/ysyx-workbench/chisel/npc/src/Xbar.scala. Using presentation compiler with project's scala-library version: 2.13.16[0m
2025.04.09 20:33:05 INFO  no build target found for /home/lh/ysyx/ysyx-workbench/chisel/npc/src/Xbar.scala. Using presentation compiler with project's scala-library version: 2.13.16[0m
2025.04.09 20:33:05 INFO  no build target found for /home/lh/ysyx/ysyx-workbench/chisel/npc/src/Xbar.scala. Using presentation compiler with project's scala-library version: 2.13.16[0m
2025.04.09 20:33:06 INFO  no build target found for /home/lh/ysyx/ysyx-workbench/chisel/npc/src/Xbar.scala. Using presentation compiler with project's scala-library version: 2.13.16[0m
2025.04.09 20:33:06 INFO  no build target found for /home/lh/ysyx/ysyx-workbench/chisel/npc/src/Xbar.scala. Using presentation compiler with project's scala-library version: 2.13.16[0m
2025.04.09 20:33:06 INFO  no build target found for /home/lh/ysyx/ysyx-workbench/chisel/npc/src/Xbar.scala. Using presentation compiler with project's scala-library version: 2.13.16[0m
2025.04.09 20:33:06 INFO  no build target found for /home/lh/ysyx/ysyx-workbench/chisel/npc/src/Xbar.scala. Using presentation compiler with project's scala-library version: 2.13.16[0m
2025.04.09 20:33:06 INFO  no build target found for /home/lh/ysyx/ysyx-workbench/chisel/npc/src/Xbar.scala. Using presentation compiler with project's scala-library version: 2.13.16[0m
2025.04.09 20:33:07 WARN  no build target for: /home/lh/ysyx/ysyx-workbench/chisel/npc/src/Xbar.scala[0m
2025.04.09 20:33:07 INFO  no build target found for /home/lh/ysyx/ysyx-workbench/chisel/npc/src/Xbar.scala. Using presentation compiler with project's scala-library version: 2.13.16[0m
2025.04.09 20:33:07 INFO  no build target found for /home/lh/ysyx/ysyx-workbench/chisel/npc/src/Xbar.scala. Using presentation compiler with project's scala-library version: 2.13.16[0m
2025.04.09 20:33:07 INFO  no build target found for /home/lh/ysyx/ysyx-workbench/chisel/npc/src/Xbar.scala. Using presentation compiler with project's scala-library version: 2.13.16[0m
2025.04.09 20:33:07 INFO  no build target found for /home/lh/ysyx/ysyx-workbench/chisel/npc/src/Xbar.scala. Using presentation compiler with project's scala-library version: 2.13.16[0m
2025.04.09 20:33:08 INFO  no build target found for /home/lh/ysyx/ysyx-workbench/chisel/npc/src/Xbar.scala. Using presentation compiler with project's scala-library version: 2.13.16[0m
Apr 09, 2025 8:33:08 PM scala.meta.internal.metals.StdReporter $anonfun$create$1
WARNING: empty definition using pc, found symbol in pc:  (full report at: /home/lh/ysyx/ysyx-workbench/chisel/.metals/.reports/metals-full/2025-04-04/r_empty-definition_01-53-22-965.md)
2025.04.09 20:33:08 INFO  no build target found for /home/lh/ysyx/ysyx-workbench/chisel/npc/src/Xbar.scala. Using presentation compiler with project's scala-library version: 2.13.16[0m
Apr 09, 2025 8:33:08 PM scala.meta.internal.metals.StdReporter $anonfun$create$1
WARNING: empty definition using pc, found symbol in pc:  (full report at: /home/lh/ysyx/ysyx-workbench/chisel/.metals/.reports/metals-full/2025-04-04/r_empty-definition_01-53-22-965.md)
2025.04.09 20:33:09 INFO  no build target found for /home/lh/ysyx/ysyx-workbench/chisel/npc/src/Xbar.scala. Using presentation compiler with project's scala-library version: 2.13.16[0m
2025.04.09 20:33:09 INFO  no build target found for /home/lh/ysyx/ysyx-workbench/chisel/npc/src/Xbar.scala. Using presentation compiler with project's scala-library version: 2.13.16[0m
2025.04.09 20:33:09 INFO  no build target found for /home/lh/ysyx/ysyx-workbench/chisel/npc/src/Xbar.scala. Using presentation compiler with project's scala-library version: 2.13.16[0m
Apr 09, 2025 8:33:09 PM scala.meta.internal.metals.StdReporter $anonfun$create$1
WARNING: empty definition using pc, found symbol in pc:  (full report at: /home/lh/ysyx/ysyx-workbench/chisel/.metals/.reports/metals-full/2025-04-04/r_empty-definition_01-53-22-965.md)
2025.04.09 20:33:09 INFO  no build target found for /home/lh/ysyx/ysyx-workbench/chisel/npc/src/Xbar.scala. Using presentation compiler with project's scala-library version: 2.13.16[0m
Apr 09, 2025 8:33:09 PM scala.meta.internal.metals.StdReporter $anonfun$create$1
WARNING: empty definition using pc, found symbol in pc:  (full report at: /home/lh/ysyx/ysyx-workbench/chisel/.metals/.reports/metals-full/2025-04-04/r_empty-definition_01-53-22-965.md)
2025.04.09 20:33:09 INFO  no build target found for /home/lh/ysyx/ysyx-workbench/chisel/npc/src/Xbar.scala. Using presentation compiler with project's scala-library version: 2.13.16[0m
Exception in thread "pool-9-thread-1" java.lang.InterruptedException
	at scala.meta.internal.metals.FutureCancelToken.checkCanceled(FutureCancelToken.scala:29)
	at scala.meta.internal.pc.CompilerAccess.$anonfun$onCompilerJobQueue$1(CompilerAccess.scala:207)
	at scala.meta.internal.pc.CompilerJobQueue$Job.run(CompilerJobQueue.scala:152)
	at java.base/java.util.concurrent.ThreadPoolExecutor.runWorker(ThreadPoolExecutor.java:1136)
	at java.base/java.util.concurrent.ThreadPoolExecutor$Worker.run(ThreadPoolExecutor.java:635)
	at java.base/java.lang.Thread.run(Thread.java:840)
2025.04.09 20:33:09 INFO  no build target found for /home/lh/ysyx/ysyx-workbench/chisel/npc/src/Xbar.scala. Using presentation compiler with project's scala-library version: 2.13.16[0m
2025.04.09 20:33:09 INFO  no build target found for /home/lh/ysyx/ysyx-workbench/chisel/npc/src/Xbar.scala. Using presentation compiler with project's scala-library version: 2.13.16[0m
2025.04.09 20:33:09 INFO  no build target found for /home/lh/ysyx/ysyx-workbench/chisel/npc/src/Xbar.scala. Using presentation compiler with project's scala-library version: 2.13.16[0m
Apr 09, 2025 8:33:09 PM scala.meta.internal.metals.StdReporter $anonfun$create$1
WARNING: empty definition using pc, found symbol in pc:  (full report at: /home/lh/ysyx/ysyx-workbench/chisel/.metals/.reports/metals-full/2025-04-04/r_empty-definition_01-53-22-965.md)
Apr 09, 2025 8:33:09 PM scala.meta.internal.metals.StdReporter $anonfun$create$1
WARNING: empty definition using pc, found symbol in pc:  (full report at: /home/lh/ysyx/ysyx-workbench/chisel/.metals/.reports/metals-full/2025-04-04/r_empty-definition_01-53-22-965.md)
2025.04.09 20:33:09 INFO  no build target found for /home/lh/ysyx/ysyx-workbench/chisel/npc/src/Xbar.scala. Using presentation compiler with project's scala-library version: 2.13.16[0m
Apr 09, 2025 8:33:09 PM scala.meta.internal.metals.StdReporter $anonfun$create$1
WARNING: empty definition using pc, found symbol in pc:  (full report at: /home/lh/ysyx/ysyx-workbench/chisel/.metals/.reports/metals-full/2025-04-04/r_empty-definition_01-53-22-965.md)
Apr 09, 2025 8:33:09 PM scala.meta.internal.metals.StdReporter $anonfun$create$1
WARNING: empty definition using pc, found symbol in pc:  (full report at: /home/lh/ysyx/ysyx-workbench/chisel/.metals/.reports/metals-full/2025-04-07/r_empty-definition_13-17-59-224.md)
2025.04.09 20:33:09 INFO  no build target found for /home/lh/ysyx/ysyx-workbench/chisel/npc/src/Xbar.scala. Using presentation compiler with project's scala-library version: 2.13.16[0m
2025.04.09 20:33:09 INFO  no build target found for /home/lh/ysyx/ysyx-workbench/chisel/npc/src/Xbar.scala. Using presentation compiler with project's scala-library version: 2.13.16[0m
2025.04.09 20:33:09 INFO  no build target found for /home/lh/ysyx/ysyx-workbench/chisel/npc/src/Xbar.scala. Using presentation compiler with project's scala-library version: 2.13.16[0m
2025.04.09 20:33:09 INFO  no build target found for /home/lh/ysyx/ysyx-workbench/chisel/npc/src/Xbar.scala. Using presentation compiler with project's scala-library version: 2.13.16[0m
2025.04.09 20:33:10 INFO  no build target found for /home/lh/ysyx/ysyx-workbench/chisel/npc/src/Xbar.scala. Using presentation compiler with project's scala-library version: 2.13.16[0m
2025.04.09 20:33:10 INFO  no build target found for /home/lh/ysyx/ysyx-workbench/chisel/npc/src/Xbar.scala. Using presentation compiler with project's scala-library version: 2.13.16[0m
2025.04.09 20:33:11 INFO  no build target found for /home/lh/ysyx/ysyx-workbench/chisel/npc/src/Xbar.scala. Using presentation compiler with project's scala-library version: 2.13.16[0m
Apr 09, 2025 8:33:11 PM scala.meta.internal.metals.StdReporter $anonfun$create$1
WARNING: empty definition using pc, found symbol in pc:  (full report at: /home/lh/ysyx/ysyx-workbench/chisel/.metals/.reports/metals-full/2025-04-07/r_empty-definition_13-17-59-224.md)
2025.04.09 20:33:10 INFO  no build target found for /home/lh/ysyx/ysyx-workbench/chisel/npc/src/Xbar.scala. Using presentation compiler with project's scala-library version: 2.13.16[0m
2025.04.09 20:33:10 INFO  no build target found for /home/lh/ysyx/ysyx-workbench/chisel/npc/src/Xbar.scala. Using presentation compiler with project's scala-library version: 2.13.16[0m
2025.04.09 20:33:11 INFO  no build target found for /home/lh/ysyx/ysyx-workbench/chisel/npc/src/Xbar.scala. Using presentation compiler with project's scala-library version: 2.13.16[0m
Exception in thread "pool-9-thread-2" java.lang.InterruptedException
	at scala.meta.internal.metals.FutureCancelToken.checkCanceled(FutureCancelToken.scala:29)
	at scala.meta.internal.pc.CompilerAccess.$anonfun$onCompilerJobQueue$1(CompilerAccess.scala:207)
	at scala.meta.internal.pc.CompilerJobQueue$Job.run(CompilerJobQueue.scala:152)
	at java.base/java.util.concurrent.ThreadPoolExecutor.runWorker(ThreadPoolExecutor.java:1136)
	at java.base/java.util.concurrent.ThreadPoolExecutor$Worker.run(ThreadPoolExecutor.java:635)
	at java.base/java.lang.Thread.run(Thread.java:840)
2025.04.09 20:33:11 INFO  no build target found for /home/lh/ysyx/ysyx-workbench/chisel/npc/src/Xbar.scala. Using presentation compiler with project's scala-library version: 2.13.16[0m
2025.04.09 20:33:10 INFO  no build target found for /home/lh/ysyx/ysyx-workbench/chisel/npc/src/Xbar.scala. Using presentation compiler with project's scala-library version: 2.13.16[0m
2025.04.09 20:33:11 INFO  no build target found for /home/lh/ysyx/ysyx-workbench/chisel/npc/src/Xbar.scala. Using presentation compiler with project's scala-library version: 2.13.16[0m
2025.04.09 20:33:12 INFO  no build target found for /home/lh/ysyx/ysyx-workbench/chisel/npc/src/Xbar.scala. Using presentation compiler with project's scala-library version: 2.13.16[0m
2025.04.09 20:33:12 INFO  no build target found for /home/lh/ysyx/ysyx-workbench/chisel/npc/src/Xbar.scala. Using presentation compiler with project's scala-library version: 2.13.16[0m
2025.04.09 20:33:12 WARN  no build target for: /home/lh/ysyx/ysyx-workbench/chisel/npc/src/Xbar.scala[0m
2025.04.09 20:33:12 INFO  no build target found for /home/lh/ysyx/ysyx-workbench/chisel/npc/src/Xbar.scala. Using presentation compiler with project's scala-library version: 2.13.16[0m
2025.04.09 20:33:17 INFO  no build target found for /home/lh/ysyx/ysyx-workbench/chisel/npc/src/PCReg.scala. Using presentation compiler with project's scala-library version: 2.13.16[0m
2025.04.09 20:33:17 INFO  no build target found for /home/lh/ysyx/ysyx-workbench/chisel/npc/src/PCReg.scala. Using presentation compiler with project's scala-library version: 2.13.16[0m
2025.04.09 20:33:17 INFO  no build target found for /home/lh/ysyx/ysyx-workbench/chisel/npc/src/PCReg.scala. Using presentation compiler with project's scala-library version: 2.13.16[0m
2025.04.09 20:33:17 WARN  no build target for: /home/lh/ysyx/ysyx-workbench/chisel/npc/src/PCReg.scala[0m
2025.04.09 20:33:17 INFO  no build target found for /home/lh/ysyx/ysyx-workbench/chisel/npc/src/PCReg.scala. Using presentation compiler with project's scala-library version: 2.13.16[0m
2025.04.09 20:33:18 WARN  no build target for: /home/lh/ysyx/ysyx-workbench/chisel/npc/src/Xbar.scala[0m
2025.04.09 20:33:18 INFO  no build target found for /home/lh/ysyx/ysyx-workbench/chisel/npc/src/Xbar.scala. Using presentation compiler with project's scala-library version: 2.13.16[0m
2025.04.09 20:33:19 INFO  no build target found for /home/lh/ysyx/ysyx-workbench/chisel/npc/src/Xbar.scala. Using presentation compiler with project's scala-library version: 2.13.16[0m
2025.04.09 20:47:17 INFO  no build target found for /home/lh/ysyx/ysyx-workbench/chisel/npc/src/Xbar.scala. Using presentation compiler with project's scala-library version: 2.13.16[0m
2025.04.09 20:47:17 INFO  no build target found for /home/lh/ysyx/ysyx-workbench/chisel/npc/src/Xbar.scala. Using presentation compiler with project's scala-library version: 2.13.16[0m
